###############################################################################
#
# IAR ELF Linker V7.70.1.11437/W32 for ARM                28/Aug/2018  17:33:59
# Copyright 2007-2016 IAR Systems AB.
#
#    Output file  =  
#        F:\Information package and tutorial for
#        customers\ST_MCU\STM32F401\Demo\MCU_BLE\Project\STM32L\BLE_Slave\EWARM\Release_SPI\Exe\BLE_Beacon.out
#    Map file     =  
#        F:\Information package and tutorial for
#        customers\ST_MCU\STM32F401\Demo\MCU_BLE\Project\STM32L\BLE_Slave\EWARM\Release_SPI\List\BLE_Beacon.map
#    Command line =  
#        "F:\Information package and tutorial for
#        customers\ST_MCU\STM32F401\Demo\MCU_BLE\Project\STM32L\BLE_Slave\EWARM\Release_SPI\Obj\BLE_Beacon_main.o"
#        "F:\Information package and tutorial for
#        customers\ST_MCU\STM32F401\Demo\MCU_BLE\Project\STM32L\BLE_Slave\EWARM\Release_SPI\Obj\bluenrg1_events.o"
#        "F:\Information package and tutorial for
#        customers\ST_MCU\STM32F401\Demo\MCU_BLE\Project\STM32L\BLE_Slave\EWARM\Release_SPI\Obj\bluenrg1_gap_aci.o"
#        "F:\Information package and tutorial for
#        customers\ST_MCU\STM32F401\Demo\MCU_BLE\Project\STM32L\BLE_Slave\EWARM\Release_SPI\Obj\bluenrg1_gatt_aci.o"
#        "F:\Information package and tutorial for
#        customers\ST_MCU\STM32F401\Demo\MCU_BLE\Project\STM32L\BLE_Slave\EWARM\Release_SPI\Obj\bluenrg1_hal_aci.o"
#        "F:\Information package and tutorial for
#        customers\ST_MCU\STM32F401\Demo\MCU_BLE\Project\STM32L\BLE_Slave\EWARM\Release_SPI\Obj\bluenrg1_hci_le.o"
#        "F:\Information package and tutorial for
#        customers\ST_MCU\STM32F401\Demo\MCU_BLE\Project\STM32L\BLE_Slave\EWARM\Release_SPI\Obj\bluenrg1_l2cap_aci.o"
#        "F:\Information package and tutorial for
#        customers\ST_MCU\STM32F401\Demo\MCU_BLE\Project\STM32L\BLE_Slave\EWARM\Release_SPI\Obj\bluenrg_interface.o"
#        "F:\Information package and tutorial for
#        customers\ST_MCU\STM32F401\Demo\MCU_BLE\Project\STM32L\BLE_Slave\EWARM\Release_SPI\Obj\clock.o"
#        "F:\Information package and tutorial for
#        customers\ST_MCU\STM32F401\Demo\MCU_BLE\Project\STM32L\BLE_Slave\EWARM\Release_SPI\Obj\cube_hal_l1.o"
#        "F:\Information package and tutorial for
#        customers\ST_MCU\STM32F401\Demo\MCU_BLE\Project\STM32L\BLE_Slave\EWARM\Release_SPI\Obj\gp_timer.o"
#        "F:\Information package and tutorial for
#        customers\ST_MCU\STM32F401\Demo\MCU_BLE\Project\STM32L\BLE_Slave\EWARM\Release_SPI\Obj\hci.o"
#        "F:\Information package and tutorial for
#        customers\ST_MCU\STM32F401\Demo\MCU_BLE\Project\STM32L\BLE_Slave\EWARM\Release_SPI\Obj\list.o"
#        "F:\Information package and tutorial for
#        customers\ST_MCU\STM32F401\Demo\MCU_BLE\Project\STM32L\BLE_Slave\EWARM\Release_SPI\Obj\osal.o"
#        "F:\Information package and tutorial for
#        customers\ST_MCU\STM32F401\Demo\MCU_BLE\Project\STM32L\BLE_Slave\EWARM\Release_SPI\Obj\SDK_Eval_Com.o"
#        "F:\Information package and tutorial for
#        customers\ST_MCU\STM32F401\Demo\MCU_BLE\Project\STM32L\BLE_Slave\EWARM\Release_SPI\Obj\SDK_EVAL_GPIO.o"
#        "F:\Information package and tutorial for
#        customers\ST_MCU\STM32F401\Demo\MCU_BLE\Project\STM32L\BLE_Slave\EWARM\Release_SPI\Obj\SDK_Eval_Led.o"
#        "F:\Information package and tutorial for
#        customers\ST_MCU\STM32F401\Demo\MCU_BLE\Project\STM32L\BLE_Slave\EWARM\Release_SPI\Obj\SDK_EVAL_Spi.o"
#        "F:\Information package and tutorial for
#        customers\ST_MCU\STM32F401\Demo\MCU_BLE\Project\STM32L\BLE_Slave\EWARM\Release_SPI\Obj\startup_stm32f401xe.o"
#        "F:\Information package and tutorial for
#        customers\ST_MCU\STM32F401\Demo\MCU_BLE\Project\STM32L\BLE_Slave\EWARM\Release_SPI\Obj\stm32f4xx_hal.o"
#        "F:\Information package and tutorial for
#        customers\ST_MCU\STM32F401\Demo\MCU_BLE\Project\STM32L\BLE_Slave\EWARM\Release_SPI\Obj\stm32f4xx_hal_cortex.o"
#        "F:\Information package and tutorial for
#        customers\ST_MCU\STM32F401\Demo\MCU_BLE\Project\STM32L\BLE_Slave\EWARM\Release_SPI\Obj\stm32f4xx_hal_dma.o"
#        "F:\Information package and tutorial for
#        customers\ST_MCU\STM32F401\Demo\MCU_BLE\Project\STM32L\BLE_Slave\EWARM\Release_SPI\Obj\stm32f4xx_hal_flash.o"
#        "F:\Information package and tutorial for
#        customers\ST_MCU\STM32F401\Demo\MCU_BLE\Project\STM32L\BLE_Slave\EWARM\Release_SPI\Obj\stm32f4xx_hal_flash_ex.o"
#        "F:\Information package and tutorial for
#        customers\ST_MCU\STM32F401\Demo\MCU_BLE\Project\STM32L\BLE_Slave\EWARM\Release_SPI\Obj\stm32f4xx_hal_flash_ramfunc.o"
#        "F:\Information package and tutorial for
#        customers\ST_MCU\STM32F401\Demo\MCU_BLE\Project\STM32L\BLE_Slave\EWARM\Release_SPI\Obj\stm32f4xx_hal_gpio.o"
#        "F:\Information package and tutorial for
#        customers\ST_MCU\STM32F401\Demo\MCU_BLE\Project\STM32L\BLE_Slave\EWARM\Release_SPI\Obj\stm32f4xx_hal_pcd.o"
#        "F:\Information package and tutorial for
#        customers\ST_MCU\STM32F401\Demo\MCU_BLE\Project\STM32L\BLE_Slave\EWARM\Release_SPI\Obj\stm32f4xx_hal_pcd_ex.o"
#        "F:\Information package and tutorial for
#        customers\ST_MCU\STM32F401\Demo\MCU_BLE\Project\STM32L\BLE_Slave\EWARM\Release_SPI\Obj\stm32f4xx_hal_pwr.o"
#        "F:\Information package and tutorial for
#        customers\ST_MCU\STM32F401\Demo\MCU_BLE\Project\STM32L\BLE_Slave\EWARM\Release_SPI\Obj\stm32f4xx_hal_pwr_ex.o"
#        "F:\Information package and tutorial for
#        customers\ST_MCU\STM32F401\Demo\MCU_BLE\Project\STM32L\BLE_Slave\EWARM\Release_SPI\Obj\stm32f4xx_hal_rcc.o"
#        "F:\Information package and tutorial for
#        customers\ST_MCU\STM32F401\Demo\MCU_BLE\Project\STM32L\BLE_Slave\EWARM\Release_SPI\Obj\stm32f4xx_hal_rcc_ex.o"
#        "F:\Information package and tutorial for
#        customers\ST_MCU\STM32F401\Demo\MCU_BLE\Project\STM32L\BLE_Slave\EWARM\Release_SPI\Obj\stm32f4xx_hal_sd.o"
#        "F:\Information package and tutorial for
#        customers\ST_MCU\STM32F401\Demo\MCU_BLE\Project\STM32L\BLE_Slave\EWARM\Release_SPI\Obj\stm32f4xx_hal_spi.o"
#        "F:\Information package and tutorial for
#        customers\ST_MCU\STM32F401\Demo\MCU_BLE\Project\STM32L\BLE_Slave\EWARM\Release_SPI\Obj\stm32f4xx_hal_tim.o"
#        "F:\Information package and tutorial for
#        customers\ST_MCU\STM32F401\Demo\MCU_BLE\Project\STM32L\BLE_Slave\EWARM\Release_SPI\Obj\stm32f4xx_hal_tim_ex.o"
#        "F:\Information package and tutorial for
#        customers\ST_MCU\STM32F401\Demo\MCU_BLE\Project\STM32L\BLE_Slave\EWARM\Release_SPI\Obj\stm32f4xx_hal_uart.o"
#        "F:\Information package and tutorial for
#        customers\ST_MCU\STM32F401\Demo\MCU_BLE\Project\STM32L\BLE_Slave\EWARM\Release_SPI\Obj\stm32f4xx_hal_usart.o"
#        "F:\Information package and tutorial for
#        customers\ST_MCU\STM32F401\Demo\MCU_BLE\Project\STM32L\BLE_Slave\EWARM\Release_SPI\Obj\stm32l1xx_hal_bluenrg1_spi.o"
#        "F:\Information package and tutorial for
#        customers\ST_MCU\STM32F401\Demo\MCU_BLE\Project\STM32L\BLE_Slave\EWARM\Release_SPI\Obj\stm32xx_it.o"
#        "F:\Information package and tutorial for
#        customers\ST_MCU\STM32F401\Demo\MCU_BLE\Project\STM32L\BLE_Slave\EWARM\Release_SPI\Obj\system_stm32f4xx.o"
#        -o "F:\Information package and tutorial for
#        customers\ST_MCU\STM32F401\Demo\MCU_BLE\Project\STM32L\BLE_Slave\EWARM\Release_SPI\Exe\BLE_Beacon.out"
#        --map "F:\Information package and tutorial for
#        customers\ST_MCU\STM32F401\Demo\MCU_BLE\Project\STM32L\BLE_Slave\EWARM\Release_SPI\List\BLE_Beacon.map"
#        --config "F:\Information package and tutorial for
#        customers\ST_MCU\STM32F401\Demo\MCU_BLE\Project\STM32L\BLE_Slave\EWARM\stm32f401xe_flash.icf"
#        --semihosting --entry __iar_program_start --redirect
#        __iar_sh_stdout=__iar_sh_stdout_swo --vfe
#
###############################################################################

*******************************************************************************
*** RUNTIME MODEL ATTRIBUTES
***

CppFlavor       = *
__SystemLibrary = DLib


*******************************************************************************
*** PLACEMENT SUMMARY
***

"A0":  place at 0x08000000 { ro section .intvec };
"P1":  place in [from 0x08000000 to 0x0807ffff] { ro };
"P2":  place in [from 0x20000000 to 0x20017fff] { rw, block CSTACK, block HEAP };
initialize by copy { rw };

  Section            Kind        Address    Size  Object
  -------            ----        -------    ----  ------
"A0":                                      0x194
  .intvec            ro code  0x08000000   0x194  startup_stm32f401xe.o [1]
                            - 0x08000194   0x194

"P1":                                     0x3a9c
  .text              ro code  0x08000194   0x7dc  bluenrg1_events.o [1]
  .text              ro code  0x08000970    0x2c  osal.o [1]
  .text              ro code  0x0800099c    0x76  ABImemcpy_unaligned.o [5]
  .text              ro code  0x08000a14    0x66  ABImemset.o [5]
  .text              ro code  0x08000a7c   0x57c  stm32f4xx_hal_uart.o [1]
  .text              ro code  0x08000ff8   0x1d4  cube_hal_l1.o [1]
  .text              ro code  0x080011cc     0x2  stm32f4xx_hal_uart.o [1]
  .text              ro code  0x080011d0     0xc  stm32f4xx_hal.o [1]
  .text              ro code  0x080011dc   0x234  stm32f4xx_hal_rcc.o [1]
  .text              ro code  0x08001410   0x3b8  stm32f4xx_hal_rcc.o [1]
  .text              ro code  0x080017c8    0x42  stm32f4xx_hal.o [1]
  .text              ro code  0x0800180c   0x460  SDK_EVAL_Spi.o [1]
  .text              ro code  0x08001c6c    0xbc  SDK_Eval_Com.o [1]
  .text              ro code  0x08001d28    0x68  SDK_EVAL_GPIO.o [1]
  .text              ro code  0x08001d90   0x240  stm32f4xx_hal_gpio.o [1]
  .text              ro code  0x08001fd0   0x164  stm32f4xx_hal_cortex.o [1]
  .text              ro code  0x08002134    0x4c  stm32f4xx_hal.o [1]
  .text              ro code  0x08002180    0xee  I64DivMod.o [5]
  .text              ro code  0x08002270    0x90  stm32f4xx_hal_spi.o [1]
  .text              ro code  0x08002300    0xde  stm32l1xx_hal_bluenrg1_spi.o [1]
  .text              ro code  0x080023de    0x2e  gp_timer.o [1]
  .text              ro code  0x0800240c    0x28  stm32f4xx_hal.o [1]
  .text              ro code  0x08002434     0xa  bluenrg_interface.o [1]
  .text              ro code  0x08002440     0x2  I64DivZer.o [5]
  .text              ro code  0x08002442     0x8  clock.o [1]
  .text              ro code  0x0800244c   0x450  hci.o [1]
  .text              ro code  0x0800289c    0x8e  list.o [1]
  .text              ro code  0x0800292c   0x4d8  xprintfsmall_nomb.o [3]
  .text              ro code  0x08002e04    0x16  strchr.o [5]
  .text              ro code  0x08002e1c    0x36  strlen.o [5]
  .text              ro code  0x08002e54    0x58  memchr.o [5]
  .text              ro code  0x08002eac   0x1c4  BLE_Beacon_main.o [1]
  .text              ro code  0x08003070    0xe8  bluenrg1_hal_aci.o [1]
  .text              ro code  0x08003158    0x24  printf.o [3]
  .text              ro code  0x0800317c    0x4e  bluenrg1_gatt_aci.o [1]
  .text              ro code  0x080031ca   0x1ae  bluenrg1_gap_aci.o [1]
  .text              ro code  0x08003378    0xd8  bluenrg1_hci_le.o [1]
  .rodata            const    0x08003450   0x158  bluenrg1_events.o [1]
  .text              ro code  0x080035a8    0x6c  system_stm32f4xx.o [1]
  .rodata            const    0x08003614    0x50  bluenrg1_events.o [1]
  .text              ro code  0x08003664    0x40  zero_init3.o [5]
  .rodata            const    0x080036a4    0x38  bluenrg1_events.o [1]
  .rodata            const    0x080036dc    0x34  BLE_Beacon_main.o [1]
  .rodata            const    0x08003710    0x34  BLE_Beacon_main.o [1]
  .rodata            const    0x08003744    0x30  BLE_Beacon_main.o [1]
  .rodata            const    0x08003774    0x30  BLE_Beacon_main.o [1]
  .rodata            const    0x080037a4    0x30  BLE_Beacon_main.o [1]
  .rodata            const    0x080037d4    0x30  BLE_Beacon_main.o [1]
  .rodata            const    0x08003804    0x30  BLE_Beacon_main.o [1]
  .rodata            const    0x08003834    0x2c  BLE_Beacon_main.o [1]
  .rodata            const    0x08003860    0x2c  BLE_Beacon_main.o [1]
  .rodata            const    0x0800388c    0x2c  BLE_Beacon_main.o [1]
  .rodata            const    0x080038b8    0x2c  BLE_Beacon_main.o [1]
  .rodata            const    0x080038e4    0x2c  BLE_Beacon_main.o [1]
  .text              ro code  0x08003910    0x2c  copy_init3.o [5]
  .text              ro code  0x0800393c    0x28  data_init.o [5]
  .rodata            const    0x08003964    0x24  BLE_Beacon_main.o [1]
  .rodata            const    0x08003988    0x24  BLE_Beacon_main.o [1]
  .text              ro code  0x080039ac    0x22  fpinit_M.o [4]
  .iar.init_table    const    0x080039d0    0x24  - Linker created -
  .rodata            const    0x080039f4    0x20  BLE_Beacon_main.o [1]
  .rodata            const    0x08003a14    0x20  BLE_Beacon_main.o [1]
  .rodata            const    0x08003a34    0x20  BLE_Beacon_main.o [1]
  .text              ro code  0x08003a54    0x1c  stm32xx_it.o [1]
  .text              ro code  0x08003a70    0x18  stm32f4xx_hal.o [1]
  .text              ro code  0x08003a88    0x1a  cmain.o [5]
  .text              ro code  0x08003aa2     0x4  low_level_init.o [3]
  .text              ro code  0x08003aa6     0x4  exit.o [3]
  .text              ro code  0x08003aac     0xa  cexit.o [5]
  .text              ro code  0x08003ab8    0x14  exit.o [6]
  .text              ro code  0x08003acc    0x16  xprout.o [3]
  .rodata            const    0x08003ae4    0x10  system_stm32f4xx.o [1]
  .text              ro code  0x08003af4    0x10  startup_stm32f401xe.o [1]
  .text              ro code  0x08003b04     0xc  cstartup_M.o [5]
  Initializer bytes  const    0x08003b10     0xc  <for P2-1>
  .rodata            const    0x08003b1c     0x8  BLE_Beacon_main.o [1]
  .rodata            const    0x08003b24     0x8  BLE_Beacon_main.o [1]
  .rodata            const    0x08003b2c     0x8  SDK_EVAL_Spi.o [1]
  .rodata            const    0x08003b34     0x8  SDK_EVAL_Spi.o [1]
  .rodata            const    0x08003b3c     0x8  system_stm32f4xx.o [1]
  .rodata            const    0x08003b44     0x4  clock.o [1]
  .text              ro code  0x08003b48     0x4  startup_stm32f401xe.o [1]
  .text              ro code  0x08003b4c     0x4  startup_stm32f401xe.o [1]
  .text              ro code  0x08003b50     0x4  startup_stm32f401xe.o [1]
  .text              ro code  0x08003b54     0x4  startup_stm32f401xe.o [1]
  .text              ro code  0x08003b58     0x4  startup_stm32f401xe.o [1]
  .text              ro code  0x08003b5c     0x4  startup_stm32f401xe.o [1]
  .text              ro code  0x08003b60     0x4  startup_stm32f401xe.o [1]
  .text              ro code  0x08003b64     0x4  startup_stm32f401xe.o [1]
  .text              ro code  0x08003b68     0x4  startup_stm32f401xe.o [1]
  .text              ro code  0x08003b6c     0x4  startup_stm32f401xe.o [1]
  .text              ro code  0x08003b70     0x4  startup_stm32f401xe.o [1]
  .text              ro code  0x08003b74     0x4  startup_stm32f401xe.o [1]
  .text              ro code  0x08003b78     0x4  startup_stm32f401xe.o [1]
  .text              ro code  0x08003b7c     0x4  startup_stm32f401xe.o [1]
  .text              ro code  0x08003b80     0x4  startup_stm32f401xe.o [1]
  .text              ro code  0x08003b84     0x4  startup_stm32f401xe.o [1]
  .text              ro code  0x08003b88     0x4  startup_stm32f401xe.o [1]
  .text              ro code  0x08003b8c     0x4  startup_stm32f401xe.o [1]
  .text              ro code  0x08003b90     0x4  startup_stm32f401xe.o [1]
  .text              ro code  0x08003b94     0x4  startup_stm32f401xe.o [1]
  .text              ro code  0x08003b98     0x4  startup_stm32f401xe.o [1]
  .text              ro code  0x08003b9c     0x4  startup_stm32f401xe.o [1]
  .text              ro code  0x08003ba0     0x4  startup_stm32f401xe.o [1]
  .text              ro code  0x08003ba4     0x4  startup_stm32f401xe.o [1]
  .text              ro code  0x08003ba8     0x4  startup_stm32f401xe.o [1]
  .text              ro code  0x08003bac     0x4  startup_stm32f401xe.o [1]
  .text              ro code  0x08003bb0     0x4  startup_stm32f401xe.o [1]
  .text              ro code  0x08003bb4     0x4  startup_stm32f401xe.o [1]
  .text              ro code  0x08003bb8     0x4  startup_stm32f401xe.o [1]
  .text              ro code  0x08003bbc     0x4  startup_stm32f401xe.o [1]
  .text              ro code  0x08003bc0     0x4  startup_stm32f401xe.o [1]
  .text              ro code  0x08003bc4     0x4  startup_stm32f401xe.o [1]
  .text              ro code  0x08003bc8     0x4  startup_stm32f401xe.o [1]
  .text              ro code  0x08003bcc     0x4  startup_stm32f401xe.o [1]
  .text              ro code  0x08003bd0     0x4  startup_stm32f401xe.o [1]
  .text              ro code  0x08003bd4     0x4  startup_stm32f401xe.o [1]
  .text              ro code  0x08003bd8     0x4  startup_stm32f401xe.o [1]
  .text              ro code  0x08003bdc     0x4  startup_stm32f401xe.o [1]
  .text              ro code  0x08003be0     0x4  startup_stm32f401xe.o [1]
  .text              ro code  0x08003be4     0x4  startup_stm32f401xe.o [1]
  .text              ro code  0x08003be8     0x4  startup_stm32f401xe.o [1]
  .text              ro code  0x08003bec     0x4  startup_stm32f401xe.o [1]
  .text              ro code  0x08003bf0     0x4  startup_stm32f401xe.o [1]
  .text              ro code  0x08003bf4     0x4  startup_stm32f401xe.o [1]
  .text              ro code  0x08003bf8     0x4  startup_stm32f401xe.o [1]
  .text              ro code  0x08003bfc     0x4  startup_stm32f401xe.o [1]
  .text              ro code  0x08003c00     0x4  startup_stm32f401xe.o [1]
  .text              ro code  0x08003c04     0x4  startup_stm32f401xe.o [1]
  .text              ro code  0x08003c08     0x4  startup_stm32f401xe.o [1]
  .text              ro code  0x08003c0c     0x4  startup_stm32f401xe.o [1]
  .text              ro code  0x08003c10     0x4  startup_stm32f401xe.o [1]
  .text              ro code  0x08003c14     0x4  startup_stm32f401xe.o [1]
  .text              ro code  0x08003c18     0x4  startup_stm32f401xe.o [1]
  .text              ro code  0x08003c1c     0x4  startup_stm32f401xe.o [1]
  .text              ro code  0x08003c20     0x4  startup_stm32f401xe.o [1]
  .text              ro code  0x08003c24     0x4  startup_stm32f401xe.o [1]
  .text              ro code  0x08003c28     0x4  startup_stm32f401xe.o [1]
  .text              ro code  0x08003c2c     0x4  startup_stm32f401xe.o [1]
  .rodata            const    0x08003c30     0x0  zero_init3.o [5]
  .rodata            const    0x08003c30     0x0  copy_init3.o [5]
                            - 0x08003c30  0x3a9c

"P2", part 1 of 3:                           0xc
  P2-1                        0x20000000     0x9  <Init block>
    .data            inited   0x20000000     0x4  stm32f4xx_hal.o [1]
    .data            inited   0x20000004     0x4  system_stm32f4xx.o [1]
    .data            inited   0x20000008     0x1  stm32f4xx_hal.o [1]
                            - 0x20000009     0x9

"P2", part 2 of 3:                         0x400
  CSTACK                      0x20000010   0x400  <Block>
    CSTACK           uninit   0x20000010   0x400  <Block tail>
                            - 0x20000410   0x400

"P2", part 3 of 3:                         0x36c
  .bss               zero     0x20000410   0x2bc  hci.o [1]
  .bss               zero     0x200006cc    0x58  SDK_EVAL_Spi.o [1]
  .bss               zero     0x20000724    0x40  SDK_Eval_Com.o [1]
  .bss               zero     0x20000764     0x8  hci.o [1]
  .bss               zero     0x2000076c     0x8  hci.o [1]
  .bss               zero     0x20000774     0x4  stm32f4xx_hal.o [1]
  .bss               zero     0x20000778     0x1  SDK_Eval_Com.o [1]
                            - 0x20000779   0x369


*******************************************************************************
*** INIT TABLE
***

          Address     Size
          -------     ----
Zero (__iar_zero_init3)
    1 destination range, total size 0x369:
          0x20000410  0x369

Copy (__iar_copy_init3)
    1 source range, total size 0xc (133% of destination):
          0x08003b10    0xc
    1 destination range, total size 0x9:
          0x20000000    0x9



*******************************************************************************
*** MODULE SUMMARY
***

    Module                        ro code  ro data  rw data
    ------                        -------  -------  -------
F:\Information package and tutorial for customers\ST_MCU\STM32F401\Demo\MCU_BLE\Project\STM32L\BLE_Slave\EWARM\Release_SPI\Obj: [1]
    BLE_Beacon_main.o                 452      748
    SDK_EVAL_GPIO.o                   104
    SDK_EVAL_Spi.o                  1 120       16       88
    SDK_Eval_Com.o                    188                65
    bluenrg1_events.o               2 012      480
    bluenrg1_gap_aci.o                430
    bluenrg1_gatt_aci.o                78
    bluenrg1_hal_aci.o                232
    bluenrg1_hci_le.o                 216
    bluenrg_interface.o                10
    clock.o                             8        4
    cube_hal_l1.o                     468
    gp_timer.o                         46
    hci.o                           1 104               716
    list.o                            142
    osal.o                             44
    startup_stm32f401xe.o             652
    stm32f4xx_hal.o                   218        5        9
    stm32f4xx_hal_cortex.o            356
    stm32f4xx_hal_gpio.o              576
    stm32f4xx_hal_rcc.o             1 516
    stm32f4xx_hal_spi.o               144
    stm32f4xx_hal_uart.o            1 406
    stm32l1xx_hal_bluenrg1_spi.o      222
    stm32xx_it.o                       28
    system_stm32f4xx.o                108       28        4
    -------------------------------------------------------
    Total:                         11 880    1 281      882

command line: [2]
    -------------------------------------------------------
    Total:

dl7M_tln.a: [3]
    exit.o                              4
    low_level_init.o                    4
    printf.o                           36
    xprintfsmall_nomb.o             1 240
    xprout.o                           22
    -------------------------------------------------------
    Total:                          1 306

m7M_tls.a: [4]
    fpinit_M.o                         34
    -------------------------------------------------------
    Total:                             34

rt7M_tl.a: [5]
    ABImemcpy_unaligned.o             118
    ABImemset.o                       102
    I64DivMod.o                       238
    I64DivZer.o                         2
    cexit.o                            10
    cmain.o                            26
    copy_init3.o                       44
    cstartup_M.o                       12
    data_init.o                        40
    memchr.o                           88
    strchr.o                           22
    strlen.o                           54
    zero_init3.o                       64
    -------------------------------------------------------
    Total:                            820

shb_l.a: [6]
    exit.o                             20
    -------------------------------------------------------
    Total:                             20

    Gaps                               24        4
    Linker created                              39    1 024
-----------------------------------------------------------
    Grand Total:                   14 084    1 324    1 906


*******************************************************************************
*** ENTRY LIST
***

Entry                      Address   Size  Type      Object
-----                      -------   ----  ----      ------
.iar.init_table$$Base   0x080039d0          --   Gb  - Linker created -
.iar.init_table$$Limit  0x080039f4          --   Gb  - Linker created -
?main                   0x08003a89         Code  Gb  cmain.o [5]
AHBPrescTable           0x08003ae4   0x10  Data  Gb  system_stm32f4xx.o [1]
APBPrescTable           0x08003b3c    0x8  Data  Gb  system_stm32f4xx.o [1]
BTLE_StackTick          0x080024b3   0xf0  Code  Gb  hci.o [1]
BlueNRG_Power_Down      0x08001d7d   0x10  Code  Gb  SDK_EVAL_GPIO.o [1]
BlueNRG_RST             0x08001d53   0x2a  Code  Gb  SDK_EVAL_GPIO.o [1]
BlueNRG_SPI_Read_All    0x08001a85   0x80  Code  Gb  SDK_EVAL_Spi.o [1]
BlueNRG_SPI_Write       0x08001b05   0xd2  Code  Gb  SDK_EVAL_Spi.o [1]
BlueNRG_Stack_Initialization
                        0x0800244d   0x42  Code  Gb  hci.o [1]
CLOCK_SECOND            0x08003b44    0x4  Data  Gb  clock.o [1]
CSTACK$$Base            0x20000010          --   Gb  - Linker created -
CSTACK$$Limit           0x20000410          --   Gb  - Linker created -
Clear_SPI_EXTI_Flag     0x08001a7b    0xa  Code  Gb  SDK_EVAL_Spi.o [1]
Clock_Time              0x08002443    0x8  Code  Gb  clock.o [1]
DebugMon_Handler        0x08003a5b    0x2  Code  Gb  stm32xx_it.o [1]
Device_Init             0x08002ead   0xa8  Code  Lc  BLE_Beacon_main.o [1]
Disable_SPI_IRQ         0x08001a67    0xa  Code  Gb  SDK_EVAL_Spi.o [1]
EXTI0_IRQHandler        0x08003a67    0xa  Code  Gb  stm32xx_it.o [1]
Enable_SPI_IRQ          0x08001a71    0xa  Code  Gb  SDK_EVAL_Spi.o [1]
HAL_Delay               0x0800240d   0x28  Code  Wk  stm32f4xx_hal.o [1]
HAL_GPIO_EXTI_Callback  0x08002435    0xa  Code  Gb  bluenrg_interface.o [1]
HAL_GPIO_EXTI_IRQHandler
                        0x08001f83   0x1e  Code  Gb  stm32f4xx_hal_gpio.o [1]
HAL_GPIO_Init           0x08001d91  0x1c6  Code  Gb  stm32f4xx_hal_gpio.o [1]
HAL_GPIO_ReadPin        0x08001f57   0x18  Code  Gb  stm32f4xx_hal_gpio.o [1]
HAL_GPIO_WritePin       0x08001f6f   0x14  Code  Gb  stm32f4xx_hal_gpio.o [1]
HAL_GetTick             0x080011d1    0xc  Code  Wk  stm32f4xx_hal.o [1]
HAL_IncTick             0x08003a71   0x18  Code  Wk  stm32f4xx_hal.o [1]
HAL_Init                0x080017c9   0x3a  Code  Gb  stm32f4xx_hal.o [1]
HAL_InitTick            0x08002135   0x4c  Code  Wk  stm32f4xx_hal.o [1]
HAL_MspInit             0x08001809    0x2  Code  Wk  stm32f4xx_hal.o [1]
HAL_NVIC_DisableIRQ     0x080020f5    0xe  Code  Gb  stm32f4xx_hal_cortex.o [1]
HAL_NVIC_EnableIRQ      0x080020e7    0xe  Code  Gb  stm32f4xx_hal_cortex.o [1]
HAL_NVIC_SetPriority    0x080020c1   0x26  Code  Gb  stm32f4xx_hal_cortex.o [1]
HAL_NVIC_SetPriorityGrouping
                        0x080020b5    0xc  Code  Gb  stm32f4xx_hal_cortex.o [1]
HAL_RCC_ClockConfig     0x080011dd  0x14a  Code  Gb  stm32f4xx_hal_rcc.o [1]
HAL_RCC_GetHCLKFreq     0x08001327    0x6  Code  Gb  stm32f4xx_hal_rcc.o [1]
HAL_RCC_GetPCLK1Freq    0x0800132d   0x16  Code  Gb  stm32f4xx_hal_rcc.o [1]
HAL_RCC_GetPCLK2Freq    0x08001343   0x16  Code  Gb  stm32f4xx_hal_rcc.o [1]
HAL_RCC_GetSysClockFreq
                        0x08001371   0xa0  Code  Wk  stm32f4xx_hal_rcc.o [1]
HAL_RCC_OscConfig       0x08001411  0x3b8  Code  Wk  stm32f4xx_hal_rcc.o [1]
HAL_SPI_Init            0x08002271   0x8e  Code  Gb  stm32f4xx_hal_spi.o [1]
HAL_SPI_MspInit         0x080022ff    0x2  Code  Wk  stm32f4xx_hal_spi.o [1]
HAL_SPI_Receive_Opt     0x0800239d   0x42  Code  Gb  stm32l1xx_hal_bluenrg1_spi.o [1]
HAL_SPI_TransmitReceive_Opt
                        0x0800230f   0x4e  Code  Gb  stm32l1xx_hal_bluenrg1_spi.o [1]
HAL_SPI_Transmit_Opt    0x0800235d   0x40  Code  Gb  stm32l1xx_hal_bluenrg1_spi.o [1]
HAL_SYSTICK_Config      0x08002103    0xc  Code  Gb  stm32f4xx_hal_cortex.o [1]
HAL_UART_DeInit         0x08000af3   0x32  Code  Gb  stm32f4xx_hal_uart.o [1]
HAL_UART_Init           0x08000a7d   0x76  Code  Gb  stm32f4xx_hal_uart.o [1]
HAL_UART_MspDeInit      0x080011cd    0x2  Code  Wk  stm32f4xx_hal_uart.o [1]
HAL_UART_MspInit        0x080010ad  0x106  Code  Gb  cube_hal_l1.o [1]
HAL_UART_Receive_IT     0x08000c03   0x64  Code  Gb  stm32f4xx_hal_uart.o [1]
HAL_UART_Transmit       0x08000b25   0xde  Code  Gb  stm32f4xx_hal_uart.o [1]
HCI_Isr                 0x080025ad   0x66  Code  Gb  hci.o [1]
HCI_Queue_Empty         0x080025a3    0xa  Code  Gb  hci.o [1]
HCI_verify              0x0800248f   0x24  Code  Gb  hci.o [1]
Hal_Write_Serial        0x08001bd7   0x68  Code  Gb  SDK_EVAL_Spi.o [1]
HardFault_Handler       0x08003a57    0x2  Code  Gb  stm32xx_it.o [1]
Init_Device             0x0800108f   0x1e  Code  Gb  cube_hal_l1.o [1]
LoadInt                 0x08002cb5   0x4c  Code  Lc  xprintfsmall_nomb.o [3]
NMI_Handler             0x08003a55    0x2  Code  Gb  stm32xx_it.o [1]
NVIC_DisableIRQ         0x0800200d   0x14  Code  Lc  stm32f4xx_hal_cortex.o [1]
NVIC_EnableIRQ          0x08001ff9   0x14  Code  Lc  stm32f4xx_hal_cortex.o [1]
NVIC_EncodePriority     0x08002047   0x3e  Code  Lc  stm32f4xx_hal_cortex.o [1]
NVIC_GetPriorityGrouping
                        0x08001fef    0xa  Code  Lc  stm32f4xx_hal_cortex.o [1]
NVIC_SetPriority        0x08002021   0x26  Code  Lc  stm32f4xx_hal_cortex.o [1]
NVIC_SetPriorityGrouping
                        0x08001fd1   0x1e  Code  Lc  stm32f4xx_hal_cortex.o [1]
Osal_MemCpy             0x08000971   0x16  Code  Gb  osal.o [1]
Osal_MemSet             0x08000987   0x16  Code  Gb  osal.o [1]
PendSV_Handler          0x08003a5d    0x2  Code  Gb  stm32xx_it.o [1]
Region$$Table$$Base     0x080039d0          --   Gb  - Linker created -
Region$$Table$$Limit    0x080039f4          --   Gb  - Linker created -
SPI_Configure_Platform  0x0800180d   0xf6  Code  Lc  SDK_EVAL_Spi.o [1]
SPI_I2S_ReceiveData     0x08002307    0x8  Code  Lc  stm32l1xx_hal_bluenrg1_spi.o [1]
SPI_I2S_SendData        0x08002301    0x6  Code  Lc  stm32l1xx_hal_bluenrg1_spi.o [1]
SVC_Handler             0x08003a59    0x2  Code  Gb  stm32xx_it.o [1]
SdkEvalComUartInit      0x08001cef    0xc  Code  Gb  SDK_Eval_Com.o [1]
SdkEvalComUart_Init     0x08001c6d   0x62  Code  Lc  SDK_Eval_Com.o [1]
SdkEvalSPI_Irq_Pin      0x08001903    0xe  Code  Gb  SDK_EVAL_Spi.o [1]
SdkEvalSpiInit          0x08001911  0x156  Code  Gb  SDK_EVAL_Spi.o [1]
SdkEvalUart_Send_Data   0x08001cdb   0x14  Code  Lc  SDK_Eval_Com.o [1]
SdkEvalUart_Wait_Send_Data
                        0x08001ccf    0xc  Code  Lc  SDK_Eval_Com.o [1]
SdkEval_IO_Send_Data    0x08001cfb    0xe  Code  Gb  SDK_Eval_Com.o [1]
Sdk_Eval_Gpio_Init      0x08001d29   0x2a  Code  Gb  SDK_EVAL_GPIO.o [1]
SpiHandle               0x200006cc   0x58  Data  Gb  SDK_EVAL_Spi.o [1]
Start_Beaconing         0x08002f55   0x9a  Code  Lc  BLE_Beacon_main.o [1]
SysTick_Config          0x08002085   0x30  Code  Lc  stm32f4xx_hal_cortex.o [1]
SysTick_Handler         0x08003a5f    0x8  Code  Gb  stm32xx_it.o [1]
SystemClock_Config      0x08000ff9   0x96  Code  Gb  cube_hal_l1.o [1]
SystemCoreClock         0x20000004    0x4  Data  Gb  system_stm32f4xx.o [1]
SystemInit              0x080035a9   0x4c  Code  Gb  system_stm32f4xx.o [1]
Timer_Expired           0x080023ef   0x1e  Code  Gb  gp_timer.o [1]
Timer_Set               0x080023df   0x10  Code  Gb  gp_timer.o [1]
UART_SetConfig          0x08000cd7  0x312  Code  Lc  stm32f4xx_hal_uart.o [1]
UART_WaitOnFlagUntilTimeout
                        0x08000c67   0x70  Code  Lc  stm32f4xx_hal_uart.o [1]
_LitobSmallNoMb         0x08002d01   0xce  Code  Lc  xprintfsmall_nomb.o [3]
_PrintfSmallNoMb        0x0800292d  0x382  Code  Gb  xprintfsmall_nomb.o [3]
_Prout                  0x08003acd   0x16  Code  Gb  xprout.o [3]
_PutcharsSmallNoMb      0x08002dcf   0x2e  Code  Lc  xprintfsmall_nomb.o [3]
__aeabi_ldiv0           0x08002441         Code  Gb  I64DivZer.o [5]
__aeabi_memset          0x08000a15         Code  Gb  ABImemset.o [5]
__aeabi_uldivmod        0x08002181         Code  Gb  I64DivMod.o [5]
__cmain                 0x08003a89         Code  Gb  cmain.o [5]
__exit                  0x08003ab9   0x14  Code  Gb  exit.o [6]
__iar_Memchr            0x08002e55         Code  Gb  memchr.o [5]
__iar_Memset            0x08000a15         Code  Gb  ABImemset.o [5]
__iar_Memset_word       0x08000a1d         Code  Gb  ABImemset.o [5]
__iar_Strchr            0x08002e05         Code  Gb  strchr.o [5]
__iar_copy_init3        0x08003911   0x2c  Code  Gb  copy_init3.o [5]
__iar_data_init3        0x0800393d   0x28  Code  Gb  data_init.o [5]
__iar_init_vfp          0x080039ad         Code  Gb  fpinit_M.o [4]
__iar_program_start     0x08003b05         Code  Gb  cstartup_M.o [5]
__iar_unaligned___aeabi_memcpy
                        0x0800099d         Code  Gb  ABImemcpy_unaligned.o [5]
__iar_unaligned___aeabi_memcpy4
                        0x080009bd         Code  Gb  ABImemcpy_unaligned.o [5]
__iar_unaligned___aeabi_memcpy8
                        0x080009bd         Code  Gb  ABImemcpy_unaligned.o [5]
__iar_zero_init3        0x08003665   0x40  Code  Gb  zero_init3.o [5]
__low_level_init        0x08003aa3    0x4  Code  Gb  low_level_init.o [3]
__vector_table          0x08000000         Data  Gb  startup_stm32f401xe.o [1]
_call_main              0x08003a95         Code  Gb  cmain.o [5]
_exit                   0x08003aad         Code  Gb  cexit.o [5]
_main                   0x08003a9f         Code  Gb  cmain.o [5]
aci_att_exchange_mtu_resp_event_process
                        0x0800049b   0x14  Code  Gb  bluenrg1_events.o [1]
aci_att_exec_write_resp_event_process
                        0x080005a9   0x12  Code  Gb  bluenrg1_events.o [1]
aci_att_find_by_type_value_resp_event_process
                        0x080004c7   0x54  Code  Gb  bluenrg1_events.o [1]
aci_att_find_info_resp_event_process
                        0x080004af   0x18  Code  Gb  bluenrg1_events.o [1]
aci_att_prepare_write_resp_event_process
                        0x0800058d   0x1c  Code  Gb  bluenrg1_events.o [1]
aci_att_read_blob_resp_event_process
                        0x08000549   0x16  Code  Gb  bluenrg1_events.o [1]
aci_att_read_by_group_type_resp_event_process
                        0x08000575   0x18  Code  Gb  bluenrg1_events.o [1]
aci_att_read_by_type_resp_event_process
                        0x0800051b   0x18  Code  Gb  bluenrg1_events.o [1]
aci_att_read_multiple_resp_event_process
                        0x0800055f   0x16  Code  Gb  bluenrg1_events.o [1]
aci_att_read_resp_event_process
                        0x08000533   0x16  Code  Gb  bluenrg1_events.o [1]
aci_blue_crash_info_event_process
                        0x08000293   0x60  Code  Gb  bluenrg1_events.o [1]
aci_blue_events_lost_event_process
                        0x08000281   0x12  Code  Gb  bluenrg1_events.o [1]
aci_blue_initialized_event_process
                        0x0800026f   0x12  Code  Gb  bluenrg1_events.o [1]
aci_gap_addr_not_resolved_event_process
                        0x080003b9   0x12  Code  Gb  bluenrg1_events.o [1]
aci_gap_authorization_req_event_process
                        0x0800036f   0x12  Code  Gb  bluenrg1_events.o [1]
aci_gap_bond_lost_event_process
                        0x08000391   0x10  Code  Gb  bluenrg1_events.o [1]
aci_gap_init            0x080032d3   0xa6  Code  Gb  bluenrg1_gap_aci.o [1]
aci_gap_keypress_notification_event_process
                        0x080003e1   0x14  Code  Gb  bluenrg1_events.o [1]
aci_gap_limited_discoverable_event_process
                        0x08000337   0x10  Code  Gb  bluenrg1_events.o [1]
aci_gap_numeric_comparison_value_event_process
                        0x080003cb   0x16  Code  Gb  bluenrg1_events.o [1]
aci_gap_pairing_complete_event_process
                        0x08000347   0x16  Code  Gb  bluenrg1_events.o [1]
aci_gap_pass_key_req_event_process
                        0x0800035d   0x12  Code  Gb  bluenrg1_events.o [1]
aci_gap_proc_complete_event_process
                        0x080003a1   0x18  Code  Gb  bluenrg1_events.o [1]
aci_gap_set_discoverable
                        0x080031cb  0x108  Code  Gb  bluenrg1_gap_aci.o [1]
aci_gap_slave_security_initiated_event_process
                        0x08000381   0x10  Code  Gb  bluenrg1_events.o [1]
aci_gatt_attribute_modified_event_process
                        0x0800046b   0x1e  Code  Gb  bluenrg1_events.o [1]
aci_gatt_disc_read_char_by_uuid_resp_event_process
                        0x08000619   0x18  Code  Gb  bluenrg1_events.o [1]
aci_gatt_error_resp_event_process
                        0x080005ff   0x1a  Code  Gb  bluenrg1_events.o [1]
aci_gatt_indication_event_process
                        0x080005bb   0x18  Code  Gb  bluenrg1_events.o [1]
aci_gatt_init           0x0800317d   0x4e  Code  Gb  bluenrg1_gatt_aci.o [1]
aci_gatt_notification_event_process
                        0x080005d3   0x18  Code  Gb  bluenrg1_events.o [1]
aci_gatt_prepare_write_permit_req_event_process
                        0x080006c7   0x1c  Code  Gb  bluenrg1_events.o [1]
aci_gatt_proc_complete_event_process
                        0x080005eb   0x14  Code  Gb  bluenrg1_events.o [1]
aci_gatt_proc_timeout_event_process
                        0x08000489   0x12  Code  Gb  bluenrg1_events.o [1]
aci_gatt_read_multi_permit_req_event_process
                        0x0800065f   0x42  Code  Gb  bluenrg1_events.o [1]
aci_gatt_read_permit_req_event_process
                        0x08000649   0x16  Code  Gb  bluenrg1_events.o [1]
aci_gatt_server_confirmation_event_process
                        0x080006b5   0x12  Code  Gb  bluenrg1_events.o [1]
aci_gatt_tx_pool_available_event_process
                        0x080006a1   0x14  Code  Gb  bluenrg1_events.o [1]
aci_gatt_write_permit_req_event_process
                        0x08000631   0x18  Code  Gb  bluenrg1_events.o [1]
aci_hal_end_of_radio_activity_event_process
                        0x080002f3   0x18  Code  Gb  bluenrg1_events.o [1]
aci_hal_fw_error_event_process
                        0x08000321   0x16  Code  Gb  bluenrg1_events.o [1]
aci_hal_scan_req_report_event_process
                        0x0800030b   0x16  Code  Gb  bluenrg1_events.o [1]
aci_hal_set_tx_power_level
                        0x080030f5   0x64  Code  Gb  bluenrg1_hal_aci.o [1]
aci_hal_write_config_data
                        0x08003071   0x84  Code  Gb  bluenrg1_hal_aci.o [1]
aci_l2cap_command_reject_event_process
                        0x0800044d   0x1e  Code  Gb  bluenrg1_events.o [1]
aci_l2cap_connection_update_req_event_process
                        0x0800041f   0x2e  Code  Gb  bluenrg1_events.o [1]
aci_l2cap_connection_update_resp_event_process
                        0x080003f5   0x14  Code  Gb  bluenrg1_events.o [1]
aci_l2cap_proc_timeout_event_process
                        0x08000409   0x16  Code  Gb  bluenrg1_events.o [1]
exit                    0x08003aa7    0x4  Code  Gb  exit.o [3]
free_event_list         0x08002695   0x2c  Code  Lc  hci.o [1]
hciReadPacketBuffer     0x20000410  0x2bc  Data  Lc  hci.o [1]
hciReadPktPool          0x20000764    0x8  Data  Gb  hci.o [1]
hciReadPktRxQueue       0x2000076c    0x8  Data  Gb  hci.o [1]
hci_data_buffer_overflow_event_process
                        0x08000247   0x12  Code  Gb  bluenrg1_events.o [1]
hci_disconnection_complete_event_process
                        0x08000195   0x18  Code  Gb  bluenrg1_events.o [1]
hci_encryption_change_event_process
                        0x080001ad   0x18  Code  Gb  bluenrg1_events.o [1]
hci_encryption_key_refresh_complete_event_process
                        0x08000259   0x16  Code  Gb  bluenrg1_events.o [1]
hci_events_table        0x080036a4   0x38  Data  Gb  bluenrg1_events.o [1]
hci_hardware_error_event_process
                        0x080001e3   0x12  Code  Gb  bluenrg1_events.o [1]
hci_le_advertising_report_event_process
                        0x0800071b   0xc8  Code  Gb  bluenrg1_events.o [1]
hci_le_connection_complete_event_process
                        0x080006e3   0x38  Code  Gb  bluenrg1_events.o [1]
hci_le_connection_update_complete_event_process
                        0x080007e3   0x24  Code  Gb  bluenrg1_events.o [1]
hci_le_data_length_change_event_process
                        0x08000835   0x1c  Code  Gb  bluenrg1_events.o [1]
hci_le_direct_advertising_report_event_process
                        0x080008bd   0xb4  Code  Gb  bluenrg1_events.o [1]
hci_le_enhanced_connection_complete_event_process
                        0x08000879   0x44  Code  Gb  bluenrg1_events.o [1]
hci_le_generate_dhkey_complete_event_process
                        0x08000865   0x14  Code  Gb  bluenrg1_events.o [1]
hci_le_long_term_key_request_event_process
                        0x0800081f   0x16  Code  Gb  bluenrg1_events.o [1]
hci_le_meta_events_table
                        0x08003614   0x50  Data  Gb  bluenrg1_events.o [1]
hci_le_read_local_p256_public_key_complete_event_process
                        0x08000851   0x14  Code  Gb  bluenrg1_events.o [1]
hci_le_read_remote_used_features_complete_event_process
                        0x08000807   0x18  Code  Gb  bluenrg1_events.o [1]
hci_le_set_advertising_data
                        0x08003379   0x6c  Code  Gb  bluenrg1_hci_le.o [1]
hci_le_set_scan_response_data
                        0x080033e5   0x6c  Code  Gb  bluenrg1_hci_le.o [1]
hci_number_of_completed_packets_event_process
                        0x080001f5   0x52  Code  Gb  bluenrg1_events.o [1]
hci_read_remote_version_information_complete_event_process
                        0x080001c5   0x1e  Code  Gb  bluenrg1_events.o [1]
hci_send_cmd            0x08002633   0x3e  Code  Gb  hci.o [1]
hci_send_req            0x080026c1  0x1c0  Code  Gb  hci.o [1]
hci_vendor_specific_events_table
                        0x08003450  0x158  Data  Gb  bluenrg1_events.o [1]
hci_write               0x08002613   0x20  Code  Gb  hci.o [1]
list_get_size           0x08002919   0x12  Code  Gb  list.o [1]
list_init_head          0x0800289d    0x6  Code  Gb  list.o [1]
list_insert_head        0x080028b3    0xe  Code  Gb  list.o [1]
list_insert_tail        0x080028c1    0xe  Code  Gb  list.o [1]
list_is_empty           0x080028a3   0x10  Code  Gb  list.o [1]
list_remove_head        0x080028dd   0x1e  Code  Gb  list.o [1]
list_remove_node        0x080028cf    0xe  Code  Gb  list.o [1]
list_remove_tail        0x080028fb   0x1e  Code  Gb  list.o [1]
main                    0x08002fef   0x34  Code  Gb  BLE_Beacon_main.o [1]
memchr                  0x08002e55         Code  Gb  memchr.o [5]
move_list               0x08002671   0x24  Code  Lc  hci.o [1]
printf                  0x08003159   0x24  Code  Gb  printf.o [3]
putchar                 0x08001d19   0x10  Code  Gb  SDK_Eval_Com.o [1]
read_data               0x20000778    0x1  Data  Gb  SDK_Eval_Com.o [1]
strchr                  0x08002e05         Code  Gb  strchr.o [5]
strlen                  0x08002e1d         Code  Gb  strlen.o [5]
uwTick                  0x20000774    0x4  Data  Gb  stm32f4xx_hal.o [1]
uwTickFreq              0x20000008    0x1  Data  Gb  stm32f4xx_hal.o [1]
uwTickPrio              0x20000000    0x4  Data  Gb  stm32f4xx_hal.o [1]
xUsartInit              0x20000724   0x40  Data  Gb  SDK_Eval_Com.o [1]


[1] = F:\Information package and tutorial for customers\ST_MCU\STM32F401\Demo\MCU_BLE\Project\STM32L\BLE_Slave\EWARM\Release_SPI\Obj
[2] = command line
[3] = dl7M_tln.a
[4] = m7M_tls.a
[5] = rt7M_tl.a
[6] = shb_l.a

  14 084 bytes of readonly  code memory
   1 324 bytes of readonly  data memory
   1 906 bytes of readwrite data memory

Errors: none
Warnings: none
